------------------------------------------------------------
Timing Analyzer Summary
------------------------------------------------------------

Type  : Slow 1100mV 85C Model Setup 'CLOCK_50'
Slack : -3.531
TNS   : -59.535

Type  : Slow 1100mV 85C Model Setup 'clk_div_count[15]'
Slack : -3.022
TNS   : -67.670

Type  : Slow 1100mV 85C Model Hold 'clk_div_count[15]'
Slack : 0.363
TNS   : 0.000

Type  : Slow 1100mV 85C Model Hold 'CLOCK_50'
Slack : 0.400
TNS   : 0.000

Type  : Slow 1100mV 85C Model Minimum Pulse Width 'CLOCK_50'
Slack : -0.511
TNS   : -22.539

Type  : Slow 1100mV 85C Model Minimum Pulse Width 'clk_div_count[15]'
Slack : -0.394
TNS   : -18.974

Type  : Slow 1100mV 0C Model Setup 'CLOCK_50'
Slack : -3.554
TNS   : -60.003

Type  : Slow 1100mV 0C Model Setup 'clk_div_count[15]'
Slack : -3.117
TNS   : -65.476

Type  : Slow 1100mV 0C Model Hold 'clk_div_count[15]'
Slack : 0.384
TNS   : 0.000

Type  : Slow 1100mV 0C Model Hold 'CLOCK_50'
Slack : 0.390
TNS   : 0.000

Type  : Slow 1100mV 0C Model Minimum Pulse Width 'CLOCK_50'
Slack : -0.511
TNS   : -24.761

Type  : Slow 1100mV 0C Model Minimum Pulse Width 'clk_div_count[15]'
Slack : -0.394
TNS   : -18.293

Type  : Fast 1100mV 85C Model Setup 'CLOCK_50'
Slack : -2.598
TNS   : -20.643

Type  : Fast 1100mV 85C Model Setup 'clk_div_count[15]'
Slack : -1.548
TNS   : -34.657

Type  : Fast 1100mV 85C Model Hold 'CLOCK_50'
Slack : 0.049
TNS   : 0.000

Type  : Fast 1100mV 85C Model Hold 'clk_div_count[15]'
Slack : 0.189
TNS   : 0.000

Type  : Fast 1100mV 85C Model Minimum Pulse Width 'CLOCK_50'
Slack : -0.546
TNS   : -5.321

Type  : Fast 1100mV 85C Model Minimum Pulse Width 'clk_div_count[15]'
Slack : 0.022
TNS   : 0.000

Type  : Fast 1100mV 0C Model Setup 'CLOCK_50'
Slack : -2.239
TNS   : -16.864

Type  : Fast 1100mV 0C Model Setup 'clk_div_count[15]'
Slack : -1.513
TNS   : -31.511

Type  : Fast 1100mV 0C Model Hold 'clk_div_count[15]'
Slack : 0.170
TNS   : 0.000

Type  : Fast 1100mV 0C Model Hold 'CLOCK_50'
Slack : 0.186
TNS   : 0.000

Type  : Fast 1100mV 0C Model Minimum Pulse Width 'CLOCK_50'
Slack : -0.505
TNS   : -5.263

Type  : Fast 1100mV 0C Model Minimum Pulse Width 'clk_div_count[15]'
Slack : 0.055
TNS   : 0.000

------------------------------------------------------------
