------------------------------------------------------------
Timing Analyzer Summary
------------------------------------------------------------

Type  : Slow 1100mV 85C Model Setup 'CLOCK_50'
Slack : -3.486
TNS   : -54.581

Type  : Slow 1100mV 85C Model Setup 'clk_div_count[15]'
Slack : -2.153
TNS   : -55.196

Type  : Slow 1100mV 85C Model Hold 'CLOCK_50'
Slack : 0.371
TNS   : 0.000

Type  : Slow 1100mV 85C Model Hold 'clk_div_count[15]'
Slack : 0.691
TNS   : 0.000

Type  : Slow 1100mV 85C Model Minimum Pulse Width 'CLOCK_50'
Slack : -0.394
TNS   : -21.846

Type  : Slow 1100mV 85C Model Minimum Pulse Width 'clk_div_count[15]'
Slack : -0.394
TNS   : -17.012

Type  : Slow 1100mV 0C Model Setup 'CLOCK_50'
Slack : -3.357
TNS   : -55.031

Type  : Slow 1100mV 0C Model Setup 'clk_div_count[15]'
Slack : -2.121
TNS   : -54.514

Type  : Slow 1100mV 0C Model Hold 'CLOCK_50'
Slack : 0.388
TNS   : 0.000

Type  : Slow 1100mV 0C Model Hold 'clk_div_count[15]'
Slack : 0.715
TNS   : 0.000

Type  : Slow 1100mV 0C Model Minimum Pulse Width 'CLOCK_50'
Slack : -0.394
TNS   : -23.859

Type  : Slow 1100mV 0C Model Minimum Pulse Width 'clk_div_count[15]'
Slack : -0.394
TNS   : -16.705

Type  : Fast 1100mV 85C Model Setup 'CLOCK_50'
Slack : -2.682
TNS   : -17.393

Type  : Fast 1100mV 85C Model Setup 'clk_div_count[15]'
Slack : -1.210
TNS   : -29.022

Type  : Fast 1100mV 85C Model Hold 'CLOCK_50'
Slack : 0.170
TNS   : 0.000

Type  : Fast 1100mV 85C Model Hold 'clk_div_count[15]'
Slack : 0.399
TNS   : 0.000

Type  : Fast 1100mV 85C Model Minimum Pulse Width 'CLOCK_50'
Slack : -0.431
TNS   : -5.166

Type  : Fast 1100mV 85C Model Minimum Pulse Width 'clk_div_count[15]'
Slack : -0.019
TNS   : -0.019

Type  : Fast 1100mV 0C Model Setup 'CLOCK_50'
Slack : -2.266
TNS   : -14.309

Type  : Fast 1100mV 0C Model Setup 'clk_div_count[15]'
Slack : -1.117
TNS   : -26.281

Type  : Fast 1100mV 0C Model Hold 'CLOCK_50'
Slack : 0.171
TNS   : 0.000

Type  : Fast 1100mV 0C Model Hold 'clk_div_count[15]'
Slack : 0.364
TNS   : 0.000

Type  : Fast 1100mV 0C Model Minimum Pulse Width 'CLOCK_50'
Slack : -0.413
TNS   : -5.036

Type  : Fast 1100mV 0C Model Minimum Pulse Width 'clk_div_count[15]'
Slack : 0.021
TNS   : 0.000

------------------------------------------------------------
